// Jest Snapshot v1, https://goo.gl/fbAQLP

exports[`HeaderApp should render correctly 1`] = `
<header
  className="appHeader"
>
  <h3
    className="title text-white pl-3 pt- pb-2"
  >
    Multiplication App
  </h3>
</header>
`;
